200 OK
<!doctype html><html lang="en"><head><meta charset="utf-8"><meta name="viewport" content="width=device-width,initial-scale=1,shrink-to-fit=no"><meta name="theme-color" content="#000000"><link rel="manifest" href="/components/manifest.json"><link rel="shortcut icon" href="/components/favicon.ico"><title>React App</title><link href="https://fonts.googleapis.com/css?family=Roboto" rel="stylesheet"><link href="/components/static/css/main.895b0500.css" rel="stylesheet"></head><body><noscript>You need to enable JavaScript to run this app.</noscript><div id="root"></div><script type="text/javascript" src="/components/static/js/main.77e2e314.js"></script></body></html>